<html>
<body>
<pre>
<h1>µVision Build Log</h1>
<h2>Tool Versions:</h2>
IDE-Version: µVision V5.37.0.0
Copyright (C) 2022 ARM Ltd and ARM Germany GmbH. All rights reserved.
License Information: Kevin Cardinale polito Flex license: MDK Professional 5.37 (Flex) (mdk_pro) Operation stops: 10 Mar 2024
 
Tool Versions:
Toolchain:       MDK Professional 5.37 (Flex)  Version: 5.37.0.0
Toolchain Path:  C:\Keil_v5\ARM\ARMCC\Bin
C Compiler:      Armcc.exe V5.06 update 7 (build 960)
Assembler:       Armasm.exe V5.06 update 7 (build 960)
Linker/Locator:  ArmLink.exe V5.06 update 7 (build 960)
Library Manager: ArmAr.exe V5.06 update 7 (build 960)
Hex Converter:   FromElf.exe V5.06 update 7 (build 960)
CPU DLL:         SARMCM3.DLL V5.37.0.0
Dialog DLL:      DARMP1.DLL V1.28.1.0
Target DLL:      UL2CM3.DLL V1.164.7.0
Dialog DLL:      TARMP1.DLL V1.27.1.0
 
<h2>Project:</h2>
C:\Users\Kevin\Desktop\architetectures\Extra point 1\sample.uvprojx
Project File Date:  12/25/2022

<h2>Output:</h2>
*** Using Compiler 'V5.06 update 7 (build 960)', folder: 'C:\Keil_v5\ARM\ARMCC\Bin'
Rebuild target 'Target 1'
compiling lib_joystick.c...
assembling startup_LPC17xx.s...
compiling sample.c...
sample.c(156): warning:  #223-D: function "sprintf" declared implicitly
  	sprintf(time_in_char, "      Age: %02d : %02d : %02d         ", hr, min, sec-1);
sample.c: 1 warning, 0 errors
compiling AsciiLib.c...
compiling core_cm3.c...
compiling funct_joystick.c...
compiling lib_timer.c...
compiling system_LPC17xx.c...
compiling IRQ_timer.c...
timer\IRQ_timer.c(928): warning:  #223-D: function "sprintf" declared implicitly
  	sprintf(time_in_char, "      Age: %02d : %02d : %02d         ", *hr, *min, (*sec)-1);
timer\IRQ_timer.c: 1 warning, 0 errors
compiling lib_RIT.c...
compiling IRQ_RIT.c...
RIT\IRQ_RIT.c(26): warning:  #1295-D: Deprecated declaration setup - give arg types
  extern void setup();
RIT\IRQ_RIT.c: 1 warning, 0 errors
compiling HzLib.c...
compiling GLCD.c...
linking...
Program Size: Code=32066 RO-data=1790 RW-data=52 ZI-data=660  
".\sample.axf" - 0 Error(s), 3 Warning(s).

<h2>Software Packages used:</h2>

Package Vendor: ARM
                http://www.keil.com/pack/ARM.CMSIS.5.9.0.pack
                ARM.CMSIS.5.9.0
                CMSIS (Common Microcontroller Software Interface Standard)
   * Component: CORE Version: 5.6.0

Package Vendor: Keil
                http://www.keil.com/pack/Keil.LPC1700_DFP.2.7.1.pack
                Keil.LPC1700_DFP.2.7.1
                NXP LPC1700 Series Device Support, Drivers and Examples for MCB1700 and LPC1788-32

<h2>Collection of Component include folders:</h2>
  ./RTE/_Target_1
  C:/Users/Kevin/AppData/Local/Arm/Packs/ARM/CMSIS/5.9.0/CMSIS/Core/Include
  C:/Users/Kevin/AppData/Local/Arm/Packs/Keil/LPC1700_DFP/2.7.1/Device/Include

<h2>Collection of Component Files used:</h2>

   * Component: ARM::CMSIS:CORE:5.6.0
Build Time Elapsed:  00:00:03
</pre>
</body>
</html>
